PS C:\Users\Instrutor\Documents\diogo\CursoFlutterNoite> cd .\TesteApiRestNode\
PS C:\Users\Instrutor\Documents\diogo\CursoFlutterNoite\TesteApiRestNode> node --version
v20.13.1
PS C:\Users\Instrutor\Documents\diogo\CursoFlutterNoite\TesteApiRestNode> npm --version
10.5.2
PS C:\Users\Instrutor\Documents\diogo\CursoFlutterNoite\TesteApiRestNode> npm inPS C:\Users\Instrutor\Documents\diogo\CursoFlutterNoite\TesteApiRestNode> node -PS C:\Users\Instrutor\Documents\diogo\CursoFlutterNoite\TesteApiRestNode> npm --version
10.5.2
PS C:\Users\Instrutor\Documents\diogo\CursoFlutterNoite\TesteApiRestNode> npm install -g npm
24 packages are looking for funding
  run `npm fund` for details
PS C:\Users\Instrutor\Documents\diogo\CursoFlutterNoite\TesteApiRestNode> npm --version     
10.8.0
PS C:\Users\Instrutor\Documents\diogo\CursoFlutterNoite\TesteApiRestNode> npm install -g json-server

added 54 packages in 7s

15 packages are looking for funding
  run `npm fund` for details
PS C:\Users\Instrutor\Documents\diogo\CursoFlutterNoite\TesteApiRestNode> npm init -y
Wrote to C:\Users\Instrutor\Documents\diogo\CursoFlutterNoite\TesteApiRestNode\package.json:Instrutor\Documents\diogo\CursoFlutterNoite\TesteApiRestNode> np

    "test": "echo \"Error: no test specified\" && exit 1"
  },
  "keywords": [],
  "author": "",
  "license": "ISC",
  "description": ""
}



PS C:\Users\Instrutor\Documents\diogo\CursoFlutterNoite\TesteApiRestNode> node start
node:internal/modules/cjs/loader:1148
Error: Cannot find module 'C:\Users\Instrutor\Documents\diogo\CursoFlutterNoite\TesteApiRestNode\start'
    at Module._resolveFilename (node:internal/modules/cjs/loader:1145:15)
    at Module._load (node:internal/modules/cjs/loader:986:27)
    at Function.executeUserEntryPoint [as runMain] (node:internal/modules/run_main:174:12)
    at node:internal/main/run_main_module:28:49 {
  code: 'MODULE_NOT_FOUND',
  requireStack: []
}

Node.js v20.13.1
PS C:\Users\Instrutor\Documents\diogo\CursoFlutterNoite\TesteApiRestNode> npm start
